// Jest Snapshot v1, https://goo.gl/fbAQLP

exports[`renders homepage unchanged 1`] = `
<div>
  <div
    class=" flex justify-center items-center flex-col min-h-screen font-mono"
  >
    <header>
      <nav
        class=" bg-gray-800 w-screen"
      >
        <div
          class=" flex items-center pl-8 h-14"
        >
          <div
            class=" flex space-x-4"
          >
            <a
              class=" text-gray-300 hover:bg-gray-700 px-3 py-2 rounded"
              data-testid="home-nav"
              href="/test"
            >
              Home
            </a>
            <a
              class=" text-gray-300 hover:bg-gray-700 px-3 py-2 rounded"
              data-testid="blog-nav"
              href="/test/blog"
            >
              Blog
            </a>
            <a
              class=" text-gray-300 hover:bg-gray-700 px-3 py-2 rounded"
              data-testid="comment-nav"
              href="/test/comment"
            >
              Comment
            </a>
            <a
              class=" text-gray-300 hover:bg-gray-700 px-3 py-2 rounded"
              data-testid="context-nav"
              href="/test/context"
            >
              Context
            </a>
            <a
              class=" text-gray-300 hover:bg-gray-700 px-3 py-2 rounded"
              data-testid="task-nav"
              href="/test/task"
            >
              Todo
            </a>
          </div>
        </div>
      </nav>
    </header>
    <main
      class="flex justify-center items-center flex-col min-h-screen font-mono"
    >
      <h1
        class="title"
      >
        Welcome to 
        <a
          href="https://nextjs.org"
        >
          Next.js!
        </a>
      </h1>
    </main>
    <footer
      class="w-full h-12 flex justify-center items-center border-t"
    >
      <a
        class="flex items-center"
        href="https://vercel.com?utm_source=create-next-app&utm_medium=default-template&utm_campaign=create-next-app"
        rel="noopener noreferrer"
        target="_blank"
      >
        Powered by
        <span
          style="box-sizing: border-box; display: inline-block; overflow: hidden; background: none; opacity: 1; border: 0px; margin: 0px; padding: 0px; position: relative; max-width: 100%;"
        >
          <span
            style="box-sizing: border-box; display: block; background: none; opacity: 1; border: 0px; margin: 0px; padding: 0px; max-width: 100%;"
          >
            <img
              alt=""
              aria-hidden="true"
              src="data:image/svg+xml,%3csvg%20xmlns=%27http://www.w3.org/2000/svg%27%20version=%271.1%27%20width=%2772%27%20height=%2716%27/%3e"
              style="display: block; max-width: 100%; background: none; opacity: 1; border: 0px; margin: 0px; padding: 0px;"
            />
          </span>
          <img
            alt="Vercel Logo"
            data-nimg="intrinsic"
            decoding="async"
            src="data:image/gif;base64,R0lGODlhAQABAIAAAAAAAP///yH5BAEAAAAALAAAAAABAAEAAAIBRAA7"
            style="position: absolute; top: 0px; left: 0px; bottom: 0px; right: 0px; box-sizing: border-box; padding: 0px; margin: auto; display: block; width: 0px; height: 0px; min-width: 100%; max-width: 100%; min-height: 100%; max-height: 100%;"
          />
          <noscript />
        </span>
      </a>
    </footer>
  </div>
</div>
`;
